// Jest Snapshot v1, https://goo.gl/fbAQLP

exports[`Componenete de Transação do Extrato O snapshot do componente deve premanecer sempre o mesmo 1`] = `
<div
  class="transacao-container"
>
  <p>
    08/06/2022
  </p>
  <p>
    saque
  </p>
  <p>
    R$ 
    20.00
  </p>
</div>
`;
